MPLINK 5.09, LINKER
Linker Map File - Created Wed Oct 09 10:46:47 2024

                                 Section Info
                  Section       Type    Address   Location Size(Bytes)
                ---------  ---------  ---------  ---------  ---------
                   .org_0       code   0x000000    program   0x000002
                   .cinit    romdata   0x000001    program   0x000004
                   .org_1       code   0x000004    program   0x000050
               START_CODE       code   0x00002c    program   0x000092
              PUSHIN_CODE       code   0x000075    program   0x000008
              POPOUT_CODE       code   0x000079    program   0x000008
.config_2007_BUILD/DEFAULT/PRODUCTION/ADCSENS       code   0x002007    program   0x000002
.config_2008_BUILD/DEFAULT/PRODUCTION/ADCSENS       code   0x002008    program   0x000002



                              Program Memory Usage 
                               Start         End      
                           ---------   ---------      
                            0x000000    0x000002      
                            0x000004    0x00007c      
                            0x002007    0x002008      
            126 out of 4359 program addresses used, program memory utilization is 2%



                              Symbols - Sorted by Name
                     Name    Address   Location    Storage File                     
                ---------  ---------  ---------  --------- ---------                
                ADCRESULT   0x000023    program     static C:\Users\jackel\MPLABXProjects\ADCSensor.X\ADCSensor.asm
                    INTER   0x00001b    program     static C:\Users\jackel\MPLABXProjects\ADCSensor.X\ADCSensor.asm
                     MAIN   0x000016    program     static C:\Users\jackel\MPLABXProjects\ADCSensor.X\ADCSensor.asm
                   POPOUT   0x000079    program     static C:\Users\jackel\MPLABXProjects\ADCSensor.X\POPout.inc
                   PUSHIN   0x000075    program     static C:\Users\jackel\MPLABXProjects\ADCSensor.X\PUSHin.inc
                    SETUP   0x000005    program     static C:\Users\jackel\MPLABXProjects\ADCSensor.X\ADCSensor.asm
                    START   0x00002c    program     static C:\Users\jackel\MPLABXProjects\ADCSensor.X\Setup.inc



                              Symbols - Sorted by Address
                     Name    Address   Location    Storage File                     
                ---------  ---------  ---------  --------- ---------                
                    SETUP   0x000005    program     static C:\Users\jackel\MPLABXProjects\ADCSensor.X\ADCSensor.asm
                     MAIN   0x000016    program     static C:\Users\jackel\MPLABXProjects\ADCSensor.X\ADCSensor.asm
                    INTER   0x00001b    program     static C:\Users\jackel\MPLABXProjects\ADCSensor.X\ADCSensor.asm
                ADCRESULT   0x000023    program     static C:\Users\jackel\MPLABXProjects\ADCSensor.X\ADCSensor.asm
                    START   0x00002c    program     static C:\Users\jackel\MPLABXProjects\ADCSensor.X\Setup.inc
                   PUSHIN   0x000075    program     static C:\Users\jackel\MPLABXProjects\ADCSensor.X\PUSHin.inc
                   POPOUT   0x000079    program     static C:\Users\jackel\MPLABXProjects\ADCSensor.X\POPout.inc


