MPLINK 5.09, LINKER
Linker Map File - Created Fri Oct 25 16:28:52 2024

                                 Section Info
                  Section       Type    Address   Location Size(Bytes)
                ---------  ---------  ---------  ---------  ---------
                   .org_0       code   0x000000    program   0x000002
                   .cinit    romdata   0x000001    program   0x000004
                   .org_1       code   0x000004    program   0x000204
               START_CODE       code   0x000106    program   0x00009e
             EEWRITE_CODE       code   0x000155    program   0x000024
              EEREAD_CODE       code   0x000167    program   0x000016
              PUSHIN_CODE       code   0x000172    program   0x000008
              POPOUT_CODE       code   0x000176    program   0x000008
.config_2007_BUILD/DEFAULT/PRODUCTION/EEPROM.       code   0x002007    program   0x000002
.config_2008_BUILD/DEFAULT/PRODUCTION/EEPROM.       code   0x002008    program   0x000002



                              Program Memory Usage 
                               Start         End      
                           ---------   ---------      
                            0x000000    0x000002      
                            0x000004    0x000179      
                            0x002007    0x002008      
            379 out of 4359 program addresses used, program memory utilization is 8%



                              Symbols - Sorted by Name
                     Name    Address   Location    Storage File                     
                ---------  ---------  ---------  --------- ---------                
                    DELAY   0x000027    program     static C:\Users\jackel\MPLABXProjects\EEPROM.X\EEPROM.asm
                   EEREAD   0x000167    program     static C:\Users\jackel\MPLABXProjects\EEPROM.X\EEREAD.inc
                  EEWRITE   0x000155    program     static C:\Users\jackel\MPLABXProjects\EEPROM.X\EEWRITE.inc
                   FOLLOW   0x00005b    program     static C:\Users\jackel\MPLABXProjects\EEPROM.X\EEPROM.asm
                     HOLD   0x00001a    program     static C:\Users\jackel\MPLABXProjects\EEPROM.X\EEPROM.asm
                    INTER   0x0000d9    program     static C:\Users\jackel\MPLABXProjects\EEPROM.X\EEPROM.asm
                     LOOP   0x000029    program     static C:\Users\jackel\MPLABXProjects\EEPROM.X\EEPROM.asm
                    LOOP2   0x000028    program     static C:\Users\jackel\MPLABXProjects\EEPROM.X\EEPROM.asm
                    LOOP3   0x000042    program     static C:\Users\jackel\MPLABXProjects\EEPROM.X\EEPROM.asm
                     MAIN   0x000068    program     static C:\Users\jackel\MPLABXProjects\EEPROM.X\EEPROM.asm
                   POPOUT   0x000176    program     static C:\Users\jackel\MPLABXProjects\EEPROM.X\POPout.inc
                PORTCHECK   0x0000f1    program     static C:\Users\jackel\MPLABXProjects\EEPROM.X\EEPROM.asm
                   PUSHIN   0x000172    program     static C:\Users\jackel\MPLABXProjects\EEPROM.X\PUSHin.inc
                   REPLAY   0x00004b    program     static C:\Users\jackel\MPLABXProjects\EEPROM.X\EEPROM.asm
                      RUN   0x00006f    program     static C:\Users\jackel\MPLABXProjects\EEPROM.X\EEPROM.asm
                    SETUP   0x000005    program     static C:\Users\jackel\MPLABXProjects\EEPROM.X\EEPROM.asm
                    START   0x000106    program     static C:\Users\jackel\MPLABXProjects\EEPROM.X\Setup.inc
                     STOP   0x0000f8    program     static C:\Users\jackel\MPLABXProjects\EEPROM.X\EEPROM.asm
                WRITEPROM   0x0000ca    program     static C:\Users\jackel\MPLABXProjects\EEPROM.X\EEPROM.asm
             _.org_1_0083   0x000083    program     static C:\Users\jackel\MPLABXProjects\EEPROM.X\EEPROM.asm
             _.org_1_0087   0x000087    program     static C:\Users\jackel\MPLABXProjects\EEPROM.X\EEPROM.asm
             _.org_1_008B   0x00008b    program     static C:\Users\jackel\MPLABXProjects\EEPROM.X\EEPROM.asm
             _.org_1_008F   0x00008f    program     static C:\Users\jackel\MPLABXProjects\EEPROM.X\EEPROM.asm
             _.org_1_0095   0x000095    program     static C:\Users\jackel\MPLABXProjects\EEPROM.X\EEPROM.asm
             _.org_1_0099   0x000099    program     static C:\Users\jackel\MPLABXProjects\EEPROM.X\EEPROM.asm
             _.org_1_009D   0x00009d    program     static C:\Users\jackel\MPLABXProjects\EEPROM.X\EEPROM.asm
             _.org_1_00A1   0x0000a1    program     static C:\Users\jackel\MPLABXProjects\EEPROM.X\EEPROM.asm
             _.org_1_00A7   0x0000a7    program     static C:\Users\jackel\MPLABXProjects\EEPROM.X\EEPROM.asm
             _.org_1_00AB   0x0000ab    program     static C:\Users\jackel\MPLABXProjects\EEPROM.X\EEPROM.asm
             _.org_1_00AF   0x0000af    program     static C:\Users\jackel\MPLABXProjects\EEPROM.X\EEPROM.asm
             _.org_1_00B3   0x0000b3    program     static C:\Users\jackel\MPLABXProjects\EEPROM.X\EEPROM.asm
             _.org_1_00B9   0x0000b9    program     static C:\Users\jackel\MPLABXProjects\EEPROM.X\EEPROM.asm
             _.org_1_00BD   0x0000bd    program     static C:\Users\jackel\MPLABXProjects\EEPROM.X\EEPROM.asm
             _.org_1_00C1   0x0000c1    program     static C:\Users\jackel\MPLABXProjects\EEPROM.X\EEPROM.asm
             _.org_1_00C5   0x0000c5    program     static C:\Users\jackel\MPLABXProjects\EEPROM.X\EEPROM.asm
       _EEWRITE_CODE_000C   0x000161    program     static C:\Users\jackel\MPLABXProjects\EEPROM.X\EEWRITE.inc



                              Symbols - Sorted by Address
                     Name    Address   Location    Storage File                     
                ---------  ---------  ---------  --------- ---------                
                    SETUP   0x000005    program     static C:\Users\jackel\MPLABXProjects\EEPROM.X\EEPROM.asm
                     HOLD   0x00001a    program     static C:\Users\jackel\MPLABXProjects\EEPROM.X\EEPROM.asm
                    DELAY   0x000027    program     static C:\Users\jackel\MPLABXProjects\EEPROM.X\EEPROM.asm
                    LOOP2   0x000028    program     static C:\Users\jackel\MPLABXProjects\EEPROM.X\EEPROM.asm
                     LOOP   0x000029    program     static C:\Users\jackel\MPLABXProjects\EEPROM.X\EEPROM.asm
                    LOOP3   0x000042    program     static C:\Users\jackel\MPLABXProjects\EEPROM.X\EEPROM.asm
                   REPLAY   0x00004b    program     static C:\Users\jackel\MPLABXProjects\EEPROM.X\EEPROM.asm
                   FOLLOW   0x00005b    program     static C:\Users\jackel\MPLABXProjects\EEPROM.X\EEPROM.asm
                     MAIN   0x000068    program     static C:\Users\jackel\MPLABXProjects\EEPROM.X\EEPROM.asm
                      RUN   0x00006f    program     static C:\Users\jackel\MPLABXProjects\EEPROM.X\EEPROM.asm
             _.org_1_0083   0x000083    program     static C:\Users\jackel\MPLABXProjects\EEPROM.X\EEPROM.asm
             _.org_1_0087   0x000087    program     static C:\Users\jackel\MPLABXProjects\EEPROM.X\EEPROM.asm
             _.org_1_008B   0x00008b    program     static C:\Users\jackel\MPLABXProjects\EEPROM.X\EEPROM.asm
             _.org_1_008F   0x00008f    program     static C:\Users\jackel\MPLABXProjects\EEPROM.X\EEPROM.asm
             _.org_1_0095   0x000095    program     static C:\Users\jackel\MPLABXProjects\EEPROM.X\EEPROM.asm
             _.org_1_0099   0x000099    program     static C:\Users\jackel\MPLABXProjects\EEPROM.X\EEPROM.asm
             _.org_1_009D   0x00009d    program     static C:\Users\jackel\MPLABXProjects\EEPROM.X\EEPROM.asm
             _.org_1_00A1   0x0000a1    program     static C:\Users\jackel\MPLABXProjects\EEPROM.X\EEPROM.asm
             _.org_1_00A7   0x0000a7    program     static C:\Users\jackel\MPLABXProjects\EEPROM.X\EEPROM.asm
             _.org_1_00AB   0x0000ab    program     static C:\Users\jackel\MPLABXProjects\EEPROM.X\EEPROM.asm
             _.org_1_00AF   0x0000af    program     static C:\Users\jackel\MPLABXProjects\EEPROM.X\EEPROM.asm
             _.org_1_00B3   0x0000b3    program     static C:\Users\jackel\MPLABXProjects\EEPROM.X\EEPROM.asm
             _.org_1_00B9   0x0000b9    program     static C:\Users\jackel\MPLABXProjects\EEPROM.X\EEPROM.asm
             _.org_1_00BD   0x0000bd    program     static C:\Users\jackel\MPLABXProjects\EEPROM.X\EEPROM.asm
             _.org_1_00C1   0x0000c1    program     static C:\Users\jackel\MPLABXProjects\EEPROM.X\EEPROM.asm
             _.org_1_00C5   0x0000c5    program     static C:\Users\jackel\MPLABXProjects\EEPROM.X\EEPROM.asm
                WRITEPROM   0x0000ca    program     static C:\Users\jackel\MPLABXProjects\EEPROM.X\EEPROM.asm
                    INTER   0x0000d9    program     static C:\Users\jackel\MPLABXProjects\EEPROM.X\EEPROM.asm
                PORTCHECK   0x0000f1    program     static C:\Users\jackel\MPLABXProjects\EEPROM.X\EEPROM.asm
                     STOP   0x0000f8    program     static C:\Users\jackel\MPLABXProjects\EEPROM.X\EEPROM.asm
                    START   0x000106    program     static C:\Users\jackel\MPLABXProjects\EEPROM.X\Setup.inc
                  EEWRITE   0x000155    program     static C:\Users\jackel\MPLABXProjects\EEPROM.X\EEWRITE.inc
       _EEWRITE_CODE_000C   0x000161    program     static C:\Users\jackel\MPLABXProjects\EEPROM.X\EEWRITE.inc
                   EEREAD   0x000167    program     static C:\Users\jackel\MPLABXProjects\EEPROM.X\EEREAD.inc
                   PUSHIN   0x000172    program     static C:\Users\jackel\MPLABXProjects\EEPROM.X\PUSHin.inc
                   POPOUT   0x000176    program     static C:\Users\jackel\MPLABXProjects\EEPROM.X\POPout.inc


