MPLINK 5.09, LINKER
Linker Map File - Created Fri Sep 20 17:08:47 2024

                                 Section Info
                  Section       Type    Address   Location Size(Bytes)
                ---------  ---------  ---------  ---------  ---------
                   .org_0       code   0x000000    program   0x0001f0
                   .cinit    romdata   0x0000f8    program   0x000004
.config_2007_BUILD/DEFAULT/PRODUCTION/BASSYBA       code   0x002007    program   0x000002
.config_2008_BUILD/DEFAULT/PRODUCTION/BASSYBA       code   0x002008    program   0x000002



                              Program Memory Usage 
                               Start         End      
                           ---------   ---------      
                            0x000000    0x0000f9      
                            0x002007    0x002008      
            252 out of 4359 program addresses used, program memory utilization is 5%



                              Symbols - Sorted by Name
                     Name    Address   Location    Storage File                     
                ---------  ---------  ---------  --------- ---------                
                    AFOUR   0x0000a5    program     static C:\Users\jackel\MPLABXProjects\BassFunk.X\BassyBass.asm
                   ATHREE   0x000089    program     static C:\Users\jackel\MPLABXProjects\BassFunk.X\BassyBass.asm
                    BFOUR   0x0000a9    program     static C:\Users\jackel\MPLABXProjects\BassFunk.X\BassyBass.asm
                   BTHREE   0x00008d    program     static C:\Users\jackel\MPLABXProjects\BassFunk.X\BassyBass.asm
                    CFIVE   0x0000ad    program     static C:\Users\jackel\MPLABXProjects\BassFunk.X\BassyBass.asm
                    CFOUR   0x000091    program     static C:\Users\jackel\MPLABXProjects\BassFunk.X\BassyBass.asm
                   CTHREE   0x000075    program     static C:\Users\jackel\MPLABXProjects\BassFunk.X\BassyBass.asm
                    DELAY   0x0000c2    program     static C:\Users\jackel\MPLABXProjects\BassFunk.X\BassyBass.asm
                    DFIVE   0x0000b1    program     static C:\Users\jackel\MPLABXProjects\BassFunk.X\BassyBass.asm
                    DFOUR   0x000095    program     static C:\Users\jackel\MPLABXProjects\BassFunk.X\BassyBass.asm
                   DTHREE   0x000079    program     static C:\Users\jackel\MPLABXProjects\BassFunk.X\BassyBass.asm
                    EFOUR   0x000099    program     static C:\Users\jackel\MPLABXProjects\BassFunk.X\BassyBass.asm
                   ETHREE   0x00007d    program     static C:\Users\jackel\MPLABXProjects\BassFunk.X\BassyBass.asm
                    FFOUR   0x00009d    program     static C:\Users\jackel\MPLABXProjects\BassFunk.X\BassyBass.asm
                   FTHREE   0x000081    program     static C:\Users\jackel\MPLABXProjects\BassFunk.X\BassyBass.asm
                    GFOUR   0x0000a1    program     static C:\Users\jackel\MPLABXProjects\BassFunk.X\BassyBass.asm
                   GTHREE   0x000085    program     static C:\Users\jackel\MPLABXProjects\BassFunk.X\BassyBass.asm
                   KEYPAD   0x00004e    program     static C:\Users\jackel\MPLABXProjects\BassFunk.X\BassyBass.asm
                    LOOP1   0x0000c6    program     static C:\Users\jackel\MPLABXProjects\BassFunk.X\BassyBass.asm
                    LOOP2   0x0000c5    program     static C:\Users\jackel\MPLABXProjects\BassFunk.X\BassyBass.asm
                    LOOP3   0x0000d0    program     static C:\Users\jackel\MPLABXProjects\BassFunk.X\BassyBass.asm
                     MAIN   0x00004b    program     static C:\Users\jackel\MPLABXProjects\BassFunk.X\BassyBass.asm
                  ONETONE   0x0000b5    program     static C:\Users\jackel\MPLABXProjects\BassFunk.X\BassyBass.asm
                    SETUP   0x000001    program     static C:\Users\jackel\MPLABXProjects\BassFunk.X\BassyBass.asm
                    TABLE   0x0000d6    program     static C:\Users\jackel\MPLABXProjects\BassFunk.X\BassyBass.asm
                 TABLETWO   0x0000e7    program     static C:\Users\jackel\MPLABXProjects\BassFunk.X\BassyBass.asm



                              Symbols - Sorted by Address
                     Name    Address   Location    Storage File                     
                ---------  ---------  ---------  --------- ---------                
                    SETUP   0x000001    program     static C:\Users\jackel\MPLABXProjects\BassFunk.X\BassyBass.asm
                     MAIN   0x00004b    program     static C:\Users\jackel\MPLABXProjects\BassFunk.X\BassyBass.asm
                   KEYPAD   0x00004e    program     static C:\Users\jackel\MPLABXProjects\BassFunk.X\BassyBass.asm
                   CTHREE   0x000075    program     static C:\Users\jackel\MPLABXProjects\BassFunk.X\BassyBass.asm
                   DTHREE   0x000079    program     static C:\Users\jackel\MPLABXProjects\BassFunk.X\BassyBass.asm
                   ETHREE   0x00007d    program     static C:\Users\jackel\MPLABXProjects\BassFunk.X\BassyBass.asm
                   FTHREE   0x000081    program     static C:\Users\jackel\MPLABXProjects\BassFunk.X\BassyBass.asm
                   GTHREE   0x000085    program     static C:\Users\jackel\MPLABXProjects\BassFunk.X\BassyBass.asm
                   ATHREE   0x000089    program     static C:\Users\jackel\MPLABXProjects\BassFunk.X\BassyBass.asm
                   BTHREE   0x00008d    program     static C:\Users\jackel\MPLABXProjects\BassFunk.X\BassyBass.asm
                    CFOUR   0x000091    program     static C:\Users\jackel\MPLABXProjects\BassFunk.X\BassyBass.asm
                    DFOUR   0x000095    program     static C:\Users\jackel\MPLABXProjects\BassFunk.X\BassyBass.asm
                    EFOUR   0x000099    program     static C:\Users\jackel\MPLABXProjects\BassFunk.X\BassyBass.asm
                    FFOUR   0x00009d    program     static C:\Users\jackel\MPLABXProjects\BassFunk.X\BassyBass.asm
                    GFOUR   0x0000a1    program     static C:\Users\jackel\MPLABXProjects\BassFunk.X\BassyBass.asm
                    AFOUR   0x0000a5    program     static C:\Users\jackel\MPLABXProjects\BassFunk.X\BassyBass.asm
                    BFOUR   0x0000a9    program     static C:\Users\jackel\MPLABXProjects\BassFunk.X\BassyBass.asm
                    CFIVE   0x0000ad    program     static C:\Users\jackel\MPLABXProjects\BassFunk.X\BassyBass.asm
                    DFIVE   0x0000b1    program     static C:\Users\jackel\MPLABXProjects\BassFunk.X\BassyBass.asm
                  ONETONE   0x0000b5    program     static C:\Users\jackel\MPLABXProjects\BassFunk.X\BassyBass.asm
                    DELAY   0x0000c2    program     static C:\Users\jackel\MPLABXProjects\BassFunk.X\BassyBass.asm
                    LOOP2   0x0000c5    program     static C:\Users\jackel\MPLABXProjects\BassFunk.X\BassyBass.asm
                    LOOP1   0x0000c6    program     static C:\Users\jackel\MPLABXProjects\BassFunk.X\BassyBass.asm
                    LOOP3   0x0000d0    program     static C:\Users\jackel\MPLABXProjects\BassFunk.X\BassyBass.asm
                    TABLE   0x0000d6    program     static C:\Users\jackel\MPLABXProjects\BassFunk.X\BassyBass.asm
                 TABLETWO   0x0000e7    program     static C:\Users\jackel\MPLABXProjects\BassFunk.X\BassyBass.asm


