MPLINK 5.09, LINKER
Linker Map File - Created Thu Sep 19 13:24:18 2024

                                 Section Info
                  Section       Type    Address   Location Size(Bytes)
                ---------  ---------  ---------  ---------  ---------
                   .org_0       code   0x000000    program   0x0001ee
                   .cinit    romdata   0x0000f7    program   0x000004
.config_2007_BUILD/DEFAULT/PRODUCTION/BASSYBA       code   0x002007    program   0x000002
.config_2008_BUILD/DEFAULT/PRODUCTION/BASSYBA       code   0x002008    program   0x000002



                              Program Memory Usage 
                               Start         End      
                           ---------   ---------      
                            0x000000    0x0000f8      
                            0x002007    0x002008      
            251 out of 4359 program addresses used, program memory utilization is 5%



                              Symbols - Sorted by Name
                     Name    Address   Location    Storage File                     
                ---------  ---------  ---------  --------- ---------                
                    AFOUR   0x0000a4    program     static C:\Users\jackel\MPLABXProjects\BassFunk.X\BassyBass.asm
                   ATHREE   0x000088    program     static C:\Users\jackel\MPLABXProjects\BassFunk.X\BassyBass.asm
                    BFOUR   0x0000a8    program     static C:\Users\jackel\MPLABXProjects\BassFunk.X\BassyBass.asm
                   BTHREE   0x00008c    program     static C:\Users\jackel\MPLABXProjects\BassFunk.X\BassyBass.asm
                    CFIVE   0x0000ac    program     static C:\Users\jackel\MPLABXProjects\BassFunk.X\BassyBass.asm
                    CFOUR   0x000090    program     static C:\Users\jackel\MPLABXProjects\BassFunk.X\BassyBass.asm
                   CTHREE   0x000074    program     static C:\Users\jackel\MPLABXProjects\BassFunk.X\BassyBass.asm
                    DELAY   0x0000c1    program     static C:\Users\jackel\MPLABXProjects\BassFunk.X\BassyBass.asm
                    DFIVE   0x0000b0    program     static C:\Users\jackel\MPLABXProjects\BassFunk.X\BassyBass.asm
                    DFOUR   0x000094    program     static C:\Users\jackel\MPLABXProjects\BassFunk.X\BassyBass.asm
                   DTHREE   0x000078    program     static C:\Users\jackel\MPLABXProjects\BassFunk.X\BassyBass.asm
                    EFOUR   0x000098    program     static C:\Users\jackel\MPLABXProjects\BassFunk.X\BassyBass.asm
                   ETHREE   0x00007c    program     static C:\Users\jackel\MPLABXProjects\BassFunk.X\BassyBass.asm
                    FFOUR   0x00009c    program     static C:\Users\jackel\MPLABXProjects\BassFunk.X\BassyBass.asm
                   FTHREE   0x000080    program     static C:\Users\jackel\MPLABXProjects\BassFunk.X\BassyBass.asm
                    GFOUR   0x0000a0    program     static C:\Users\jackel\MPLABXProjects\BassFunk.X\BassyBass.asm
                   GTHREE   0x000084    program     static C:\Users\jackel\MPLABXProjects\BassFunk.X\BassyBass.asm
                   KEYPAD   0x00004d    program     static C:\Users\jackel\MPLABXProjects\BassFunk.X\BassyBass.asm
                    LOOP1   0x0000c5    program     static C:\Users\jackel\MPLABXProjects\BassFunk.X\BassyBass.asm
                    LOOP2   0x0000c4    program     static C:\Users\jackel\MPLABXProjects\BassFunk.X\BassyBass.asm
                    LOOP3   0x0000cf    program     static C:\Users\jackel\MPLABXProjects\BassFunk.X\BassyBass.asm
                     MAIN   0x00004a    program     static C:\Users\jackel\MPLABXProjects\BassFunk.X\BassyBass.asm
                  ONETONE   0x0000b4    program     static C:\Users\jackel\MPLABXProjects\BassFunk.X\BassyBass.asm
                    SETUP   0x000001    program     static C:\Users\jackel\MPLABXProjects\BassFunk.X\BassyBass.asm
                    TABLE   0x0000d5    program     static C:\Users\jackel\MPLABXProjects\BassFunk.X\BassyBass.asm
                 TABLETWO   0x0000e6    program     static C:\Users\jackel\MPLABXProjects\BassFunk.X\BassyBass.asm



                              Symbols - Sorted by Address
                     Name    Address   Location    Storage File                     
                ---------  ---------  ---------  --------- ---------                
                    SETUP   0x000001    program     static C:\Users\jackel\MPLABXProjects\BassFunk.X\BassyBass.asm
                     MAIN   0x00004a    program     static C:\Users\jackel\MPLABXProjects\BassFunk.X\BassyBass.asm
                   KEYPAD   0x00004d    program     static C:\Users\jackel\MPLABXProjects\BassFunk.X\BassyBass.asm
                   CTHREE   0x000074    program     static C:\Users\jackel\MPLABXProjects\BassFunk.X\BassyBass.asm
                   DTHREE   0x000078    program     static C:\Users\jackel\MPLABXProjects\BassFunk.X\BassyBass.asm
                   ETHREE   0x00007c    program     static C:\Users\jackel\MPLABXProjects\BassFunk.X\BassyBass.asm
                   FTHREE   0x000080    program     static C:\Users\jackel\MPLABXProjects\BassFunk.X\BassyBass.asm
                   GTHREE   0x000084    program     static C:\Users\jackel\MPLABXProjects\BassFunk.X\BassyBass.asm
                   ATHREE   0x000088    program     static C:\Users\jackel\MPLABXProjects\BassFunk.X\BassyBass.asm
                   BTHREE   0x00008c    program     static C:\Users\jackel\MPLABXProjects\BassFunk.X\BassyBass.asm
                    CFOUR   0x000090    program     static C:\Users\jackel\MPLABXProjects\BassFunk.X\BassyBass.asm
                    DFOUR   0x000094    program     static C:\Users\jackel\MPLABXProjects\BassFunk.X\BassyBass.asm
                    EFOUR   0x000098    program     static C:\Users\jackel\MPLABXProjects\BassFunk.X\BassyBass.asm
                    FFOUR   0x00009c    program     static C:\Users\jackel\MPLABXProjects\BassFunk.X\BassyBass.asm
                    GFOUR   0x0000a0    program     static C:\Users\jackel\MPLABXProjects\BassFunk.X\BassyBass.asm
                    AFOUR   0x0000a4    program     static C:\Users\jackel\MPLABXProjects\BassFunk.X\BassyBass.asm
                    BFOUR   0x0000a8    program     static C:\Users\jackel\MPLABXProjects\BassFunk.X\BassyBass.asm
                    CFIVE   0x0000ac    program     static C:\Users\jackel\MPLABXProjects\BassFunk.X\BassyBass.asm
                    DFIVE   0x0000b0    program     static C:\Users\jackel\MPLABXProjects\BassFunk.X\BassyBass.asm
                  ONETONE   0x0000b4    program     static C:\Users\jackel\MPLABXProjects\BassFunk.X\BassyBass.asm
                    DELAY   0x0000c1    program     static C:\Users\jackel\MPLABXProjects\BassFunk.X\BassyBass.asm
                    LOOP2   0x0000c4    program     static C:\Users\jackel\MPLABXProjects\BassFunk.X\BassyBass.asm
                    LOOP1   0x0000c5    program     static C:\Users\jackel\MPLABXProjects\BassFunk.X\BassyBass.asm
                    LOOP3   0x0000cf    program     static C:\Users\jackel\MPLABXProjects\BassFunk.X\BassyBass.asm
                    TABLE   0x0000d5    program     static C:\Users\jackel\MPLABXProjects\BassFunk.X\BassyBass.asm
                 TABLETWO   0x0000e6    program     static C:\Users\jackel\MPLABXProjects\BassFunk.X\BassyBass.asm


