MPLINK 5.09, LINKER
Linker Map File - Created Mon Sep 09 20:05:17 2024

                                 Section Info
                  Section       Type    Address   Location Size(Bytes)
                ---------  ---------  ---------  ---------  ---------
                   .org_0       code   0x000000    program   0x0001f2
                   .cinit    romdata   0x0000f9    program   0x000004
.config_2007_BUILD/DEFAULT/PRODUCTION/883KEYP       code   0x002007    program   0x000002
.config_2008_BUILD/DEFAULT/PRODUCTION/883KEYP       code   0x002008    program   0x000002



                              Program Memory Usage 
                               Start         End      
                           ---------   ---------      
                            0x000000    0x0000fa      
                            0x002007    0x002008      
            253 out of 4359 program addresses used, program memory utilization is 5%



                              Symbols - Sorted by Name
                     Name    Address   Location    Storage File                     
                ---------  ---------  ---------  --------- ---------                
                     MAIN   0x000066    program     static C:\Users\jackel\MPLABXProjects\883fullkeypad.X\883Keypad.asm
                      RUN   0x00006d    program     static C:\Users\jackel\MPLABXProjects\883fullkeypad.X\883Keypad.asm
                     SET0   0x000099    program     static C:\Users\jackel\MPLABXProjects\883fullkeypad.X\883Keypad.asm
                     SET1   0x00009f    program     static C:\Users\jackel\MPLABXProjects\883fullkeypad.X\883Keypad.asm
                     SET2   0x0000a5    program     static C:\Users\jackel\MPLABXProjects\883fullkeypad.X\883Keypad.asm
                     SET3   0x0000ab    program     static C:\Users\jackel\MPLABXProjects\883fullkeypad.X\883Keypad.asm
                    SET34   0x0000e1    program     static C:\Users\jackel\MPLABXProjects\883fullkeypad.X\883Keypad.asm
                     SET4   0x0000b1    program     static C:\Users\jackel\MPLABXProjects\883fullkeypad.X\883Keypad.asm
                     SET5   0x0000b7    program     static C:\Users\jackel\MPLABXProjects\883fullkeypad.X\883Keypad.asm
                     SET6   0x0000bd    program     static C:\Users\jackel\MPLABXProjects\883fullkeypad.X\883Keypad.asm
                     SET7   0x0000c3    program     static C:\Users\jackel\MPLABXProjects\883fullkeypad.X\883Keypad.asm
                     SET8   0x0000c9    program     static C:\Users\jackel\MPLABXProjects\883fullkeypad.X\883Keypad.asm
                     SET9   0x0000cf    program     static C:\Users\jackel\MPLABXProjects\883fullkeypad.X\883Keypad.asm
                     SETA   0x0000d5    program     static C:\Users\jackel\MPLABXProjects\883fullkeypad.X\883Keypad.asm
                     SETB   0x0000db    program     static C:\Users\jackel\MPLABXProjects\883fullkeypad.X\883Keypad.asm
                     SETD   0x0000e7    program     static C:\Users\jackel\MPLABXProjects\883fullkeypad.X\883Keypad.asm
                     SETE   0x0000ed    program     static C:\Users\jackel\MPLABXProjects\883fullkeypad.X\883Keypad.asm
                     SETF   0x0000f3    program     static C:\Users\jackel\MPLABXProjects\883fullkeypad.X\883Keypad.asm
                    SETUP   0x000001    program     static C:\Users\jackel\MPLABXProjects\883fullkeypad.X\883Keypad.asm



                              Symbols - Sorted by Address
                     Name    Address   Location    Storage File                     
                ---------  ---------  ---------  --------- ---------                
                    SETUP   0x000001    program     static C:\Users\jackel\MPLABXProjects\883fullkeypad.X\883Keypad.asm
                     MAIN   0x000066    program     static C:\Users\jackel\MPLABXProjects\883fullkeypad.X\883Keypad.asm
                      RUN   0x00006d    program     static C:\Users\jackel\MPLABXProjects\883fullkeypad.X\883Keypad.asm
                     SET0   0x000099    program     static C:\Users\jackel\MPLABXProjects\883fullkeypad.X\883Keypad.asm
                     SET1   0x00009f    program     static C:\Users\jackel\MPLABXProjects\883fullkeypad.X\883Keypad.asm
                     SET2   0x0000a5    program     static C:\Users\jackel\MPLABXProjects\883fullkeypad.X\883Keypad.asm
                     SET3   0x0000ab    program     static C:\Users\jackel\MPLABXProjects\883fullkeypad.X\883Keypad.asm
                     SET4   0x0000b1    program     static C:\Users\jackel\MPLABXProjects\883fullkeypad.X\883Keypad.asm
                     SET5   0x0000b7    program     static C:\Users\jackel\MPLABXProjects\883fullkeypad.X\883Keypad.asm
                     SET6   0x0000bd    program     static C:\Users\jackel\MPLABXProjects\883fullkeypad.X\883Keypad.asm
                     SET7   0x0000c3    program     static C:\Users\jackel\MPLABXProjects\883fullkeypad.X\883Keypad.asm
                     SET8   0x0000c9    program     static C:\Users\jackel\MPLABXProjects\883fullkeypad.X\883Keypad.asm
                     SET9   0x0000cf    program     static C:\Users\jackel\MPLABXProjects\883fullkeypad.X\883Keypad.asm
                     SETA   0x0000d5    program     static C:\Users\jackel\MPLABXProjects\883fullkeypad.X\883Keypad.asm
                     SETB   0x0000db    program     static C:\Users\jackel\MPLABXProjects\883fullkeypad.X\883Keypad.asm
                    SET34   0x0000e1    program     static C:\Users\jackel\MPLABXProjects\883fullkeypad.X\883Keypad.asm
                     SETD   0x0000e7    program     static C:\Users\jackel\MPLABXProjects\883fullkeypad.X\883Keypad.asm
                     SETE   0x0000ed    program     static C:\Users\jackel\MPLABXProjects\883fullkeypad.X\883Keypad.asm
                     SETF   0x0000f3    program     static C:\Users\jackel\MPLABXProjects\883fullkeypad.X\883Keypad.asm


