MPLINK 5.09, LINKER
Linker Map File - Created Fri Sep 13 13:34:30 2024

                                 Section Info
                  Section       Type    Address   Location Size(Bytes)
                ---------  ---------  ---------  ---------  ---------
                   .org_0       code   0x000000    program   0x0000f4
                   .cinit    romdata   0x00007a    program   0x000004
.config_2007_BUILD/DEFAULT/PRODUCTION/DELAY F       code   0x002007    program   0x000002
.config_2008_BUILD/DEFAULT/PRODUCTION/DELAY F       code   0x002008    program   0x000002



                              Program Memory Usage 
                               Start         End      
                           ---------   ---------      
                            0x000000    0x00007b      
                            0x002007    0x002008      
            126 out of 4359 program addresses used, program memory utilization is 2%



                              Symbols - Sorted by Name
                     Name    Address   Location    Storage File                     
                ---------  ---------  ---------  --------- ---------                
                    LOOP1   0x00004e    program     static C:\Users\jackel\MPLABXProjects\DelayTimeSub.X\Delay Flip Flop Sub.asm
                   LOOP11   0x000065    program     static C:\Users\jackel\MPLABXProjects\DelayTimeSub.X\Delay Flip Flop Sub.asm
                    LOOP2   0x00004d    program     static C:\Users\jackel\MPLABXProjects\DelayTimeSub.X\Delay Flip Flop Sub.asm
                   LOOP21   0x000064    program     static C:\Users\jackel\MPLABXProjects\DelayTimeSub.X\Delay Flip Flop Sub.asm
                    LOOP3   0x000059    program     static C:\Users\jackel\MPLABXProjects\DelayTimeSub.X\Delay Flip Flop Sub.asm
                   LOOP31   0x000070    program     static C:\Users\jackel\MPLABXProjects\DelayTimeSub.X\Delay Flip Flop Sub.asm
                     MAIN   0x000047    program     static C:\Users\jackel\MPLABXProjects\DelayTimeSub.X\Delay Flip Flop Sub.asm
                    SETUP   0x000001    program     static C:\Users\jackel\MPLABXProjects\DelayTimeSub.X\Delay Flip Flop Sub.asm



                              Symbols - Sorted by Address
                     Name    Address   Location    Storage File                     
                ---------  ---------  ---------  --------- ---------                
                    SETUP   0x000001    program     static C:\Users\jackel\MPLABXProjects\DelayTimeSub.X\Delay Flip Flop Sub.asm
                     MAIN   0x000047    program     static C:\Users\jackel\MPLABXProjects\DelayTimeSub.X\Delay Flip Flop Sub.asm
                    LOOP2   0x00004d    program     static C:\Users\jackel\MPLABXProjects\DelayTimeSub.X\Delay Flip Flop Sub.asm
                    LOOP1   0x00004e    program     static C:\Users\jackel\MPLABXProjects\DelayTimeSub.X\Delay Flip Flop Sub.asm
                    LOOP3   0x000059    program     static C:\Users\jackel\MPLABXProjects\DelayTimeSub.X\Delay Flip Flop Sub.asm
                   LOOP21   0x000064    program     static C:\Users\jackel\MPLABXProjects\DelayTimeSub.X\Delay Flip Flop Sub.asm
                   LOOP11   0x000065    program     static C:\Users\jackel\MPLABXProjects\DelayTimeSub.X\Delay Flip Flop Sub.asm
                   LOOP31   0x000070    program     static C:\Users\jackel\MPLABXProjects\DelayTimeSub.X\Delay Flip Flop Sub.asm


