MPLINK 5.09, LINKER
Linker Map File - Created Mon Sep 16 14:12:30 2024

                                 Section Info
                  Section       Type    Address   Location Size(Bytes)
                ---------  ---------  ---------  ---------  ---------
                   .org_0       code   0x000000    program   0x0000f0
                   .cinit    romdata   0x000078    program   0x000004
.config_2007_BUILD/DEFAULT/PRODUCTION/DELAY F       code   0x002007    program   0x000002
.config_2008_BUILD/DEFAULT/PRODUCTION/DELAY F       code   0x002008    program   0x000002



                              Program Memory Usage 
                               Start         End      
                           ---------   ---------      
                            0x000000    0x000079      
                            0x002007    0x002008      
            124 out of 4359 program addresses used, program memory utilization is 2%



                              Symbols - Sorted by Name
                     Name    Address   Location    Storage File                     
                ---------  ---------  ---------  --------- ---------                
                    LOOP1   0x00004e    program     static C:\Users\jackel\MPLABXProjects\DelayTimer.X\Delay Flip Flop.asm
                   LOOP11   0x000066    program     static C:\Users\jackel\MPLABXProjects\DelayTimer.X\Delay Flip Flop.asm
                    LOOP2   0x00004d    program     static C:\Users\jackel\MPLABXProjects\DelayTimer.X\Delay Flip Flop.asm
                   LOOP21   0x000065    program     static C:\Users\jackel\MPLABXProjects\DelayTimer.X\Delay Flip Flop.asm
                    LOOP3   0x000059    program     static C:\Users\jackel\MPLABXProjects\DelayTimer.X\Delay Flip Flop.asm
                   LOOP31   0x000071    program     static C:\Users\jackel\MPLABXProjects\DelayTimer.X\Delay Flip Flop.asm
                     MAIN   0x000047    program     static C:\Users\jackel\MPLABXProjects\DelayTimer.X\Delay Flip Flop.asm
                    SETUP   0x000001    program     static C:\Users\jackel\MPLABXProjects\DelayTimer.X\Delay Flip Flop.asm



                              Symbols - Sorted by Address
                     Name    Address   Location    Storage File                     
                ---------  ---------  ---------  --------- ---------                
                    SETUP   0x000001    program     static C:\Users\jackel\MPLABXProjects\DelayTimer.X\Delay Flip Flop.asm
                     MAIN   0x000047    program     static C:\Users\jackel\MPLABXProjects\DelayTimer.X\Delay Flip Flop.asm
                    LOOP2   0x00004d    program     static C:\Users\jackel\MPLABXProjects\DelayTimer.X\Delay Flip Flop.asm
                    LOOP1   0x00004e    program     static C:\Users\jackel\MPLABXProjects\DelayTimer.X\Delay Flip Flop.asm
                    LOOP3   0x000059    program     static C:\Users\jackel\MPLABXProjects\DelayTimer.X\Delay Flip Flop.asm
                   LOOP21   0x000065    program     static C:\Users\jackel\MPLABXProjects\DelayTimer.X\Delay Flip Flop.asm
                   LOOP11   0x000066    program     static C:\Users\jackel\MPLABXProjects\DelayTimer.X\Delay Flip Flop.asm
                   LOOP31   0x000071    program     static C:\Users\jackel\MPLABXProjects\DelayTimer.X\Delay Flip Flop.asm


