MPLINK 5.09, LINKER
Linker Map File - Created Wed Oct 09 10:50:45 2024

                                 Section Info
                  Section       Type    Address   Location Size(Bytes)
                ---------  ---------  ---------  ---------  ---------
                   .org_0       code   0x000000    program   0x000002
                   .cinit    romdata   0x000001    program   0x000004
                   .org_1       code   0x000004    program   0x0000e6
               START_CODE       code   0x000077    program   0x000092
              PUSHIN_CODE       code   0x0000c0    program   0x000008
              POPOUT_CODE       code   0x0000c4    program   0x000008
.config_2007_BUILD/DEFAULT/PRODUCTION/ADCSERV       code   0x002007    program   0x000002
.config_2008_BUILD/DEFAULT/PRODUCTION/ADCSERV       code   0x002008    program   0x000002



                              Program Memory Usage 
                               Start         End      
                           ---------   ---------      
                            0x000000    0x000002      
                            0x000004    0x0000c7      
                            0x002007    0x002008      
            201 out of 4359 program addresses used, program memory utilization is 4%



                              Symbols - Sorted by Name
                     Name    Address   Location    Storage File                     
                ---------  ---------  ---------  --------- ---------                
                    CHECK   0x000053    program     static C:\Users\jackel\MPLABXProjects\ADCServo.X\ADCServo.asm
                  CONVERT   0x000036    program     static C:\Users\jackel\MPLABXProjects\ADCServo.X\ADCServo.asm
                    INTER   0x00002b    program     static C:\Users\jackel\MPLABXProjects\ADCServo.X\ADCServo.asm
                     MAIN   0x000029    program     static C:\Users\jackel\MPLABXProjects\ADCServo.X\ADCServo.asm
                   POPOUT   0x0000c4    program     static C:\Users\jackel\MPLABXProjects\ADCServo.X\ServoPOPout.inc
                   PUSHIN   0x0000c0    program     static C:\Users\jackel\MPLABXProjects\ADCServo.X\ServoPUSHin.inc
                       PW   0x00005a    program     static C:\Users\jackel\MPLABXProjects\ADCServo.X\ADCServo.asm
                  RESTART   0x000069    program     static C:\Users\jackel\MPLABXProjects\ADCServo.X\ADCServo.asm
                    SETUP   0x000016    program     static C:\Users\jackel\MPLABXProjects\ADCServo.X\ADCServo.asm
                    START   0x000077    program     static C:\Users\jackel\MPLABXProjects\ADCServo.X\ServoSetup.inc
                    TABLE   0x000005    program     static C:\Users\jackel\MPLABXProjects\ADCServo.X\ADCServo.asm
                 TMRSTART   0x000044    program     static C:\Users\jackel\MPLABXProjects\ADCServo.X\ADCServo.asm



                              Symbols - Sorted by Address
                     Name    Address   Location    Storage File                     
                ---------  ---------  ---------  --------- ---------                
                    TABLE   0x000005    program     static C:\Users\jackel\MPLABXProjects\ADCServo.X\ADCServo.asm
                    SETUP   0x000016    program     static C:\Users\jackel\MPLABXProjects\ADCServo.X\ADCServo.asm
                     MAIN   0x000029    program     static C:\Users\jackel\MPLABXProjects\ADCServo.X\ADCServo.asm
                    INTER   0x00002b    program     static C:\Users\jackel\MPLABXProjects\ADCServo.X\ADCServo.asm
                  CONVERT   0x000036    program     static C:\Users\jackel\MPLABXProjects\ADCServo.X\ADCServo.asm
                 TMRSTART   0x000044    program     static C:\Users\jackel\MPLABXProjects\ADCServo.X\ADCServo.asm
                    CHECK   0x000053    program     static C:\Users\jackel\MPLABXProjects\ADCServo.X\ADCServo.asm
                       PW   0x00005a    program     static C:\Users\jackel\MPLABXProjects\ADCServo.X\ADCServo.asm
                  RESTART   0x000069    program     static C:\Users\jackel\MPLABXProjects\ADCServo.X\ADCServo.asm
                    START   0x000077    program     static C:\Users\jackel\MPLABXProjects\ADCServo.X\ServoSetup.inc
                   PUSHIN   0x0000c0    program     static C:\Users\jackel\MPLABXProjects\ADCServo.X\ServoPUSHin.inc
                   POPOUT   0x0000c4    program     static C:\Users\jackel\MPLABXProjects\ADCServo.X\ServoPOPout.inc


