MPLINK 5.09, LINKER
Linker Map File - Created Wed Sep 25 13:27:35 2024

                                 Section Info
                  Section       Type    Address   Location Size(Bytes)
                ---------  ---------  ---------  ---------  ---------
                   .org_0       code   0x000000    program   0x000002
                   .cinit    romdata   0x000001    program   0x000004
                   .org_1       code   0x000004    program   0x00008a
               START_CODE       code   0x000049    program   0x00009a
.config_2007_BUILD/DEFAULT/PRODUCTION/1FLOP7F       code   0x002007    program   0x000002
.config_2008_BUILD/DEFAULT/PRODUCTION/1FLOP7F       code   0x002008    program   0x000002



                              Program Memory Usage 
                               Start         End      
                           ---------   ---------      
                            0x000000    0x000002      
                            0x000004    0x000095      
                            0x002007    0x002008      
            151 out of 4359 program addresses used, program memory utilization is 3%



                              Symbols - Sorted by Name
                     Name    Address   Location    Storage File                     
                ---------  ---------  ---------  --------- ---------                
                    INTER   0x000044    program     static C:\Users\jackel\MPLABXProjects\1Flip7Flop.X\1flop7flip.asm
                     LOOP   0x000013    program     static C:\Users\jackel\MPLABXProjects\1Flip7Flop.X\1flop7flip.asm
                    LOOP2   0x000012    program     static C:\Users\jackel\MPLABXProjects\1Flip7Flop.X\1flop7flip.asm
                    LOOP3   0x00003a    program     static C:\Users\jackel\MPLABXProjects\1Flip7Flop.X\1flop7flip.asm
                      RUN   0x000007    program     static C:\Users\jackel\MPLABXProjects\1Flip7Flop.X\1flop7flip.asm
                    SETUP   0x000005    program     static C:\Users\jackel\MPLABXProjects\1Flip7Flop.X\1flop7flip.asm
                    SEVEN   0x00000c    program     static C:\Users\jackel\MPLABXProjects\1Flip7Flop.X\1flop7flip.asm
                    START   0x000049    program     static C:\Users\jackel\MPLABXProjects\1Flip7Flop.X\BSetup.inc.inc



                              Symbols - Sorted by Address
                     Name    Address   Location    Storage File                     
                ---------  ---------  ---------  --------- ---------                
                    SETUP   0x000005    program     static C:\Users\jackel\MPLABXProjects\1Flip7Flop.X\1flop7flip.asm
                      RUN   0x000007    program     static C:\Users\jackel\MPLABXProjects\1Flip7Flop.X\1flop7flip.asm
                    SEVEN   0x00000c    program     static C:\Users\jackel\MPLABXProjects\1Flip7Flop.X\1flop7flip.asm
                    LOOP2   0x000012    program     static C:\Users\jackel\MPLABXProjects\1Flip7Flop.X\1flop7flip.asm
                     LOOP   0x000013    program     static C:\Users\jackel\MPLABXProjects\1Flip7Flop.X\1flop7flip.asm
                    LOOP3   0x00003a    program     static C:\Users\jackel\MPLABXProjects\1Flip7Flop.X\1flop7flip.asm
                    INTER   0x000044    program     static C:\Users\jackel\MPLABXProjects\1Flip7Flop.X\1flop7flip.asm
                    START   0x000049    program     static C:\Users\jackel\MPLABXProjects\1Flip7Flop.X\BSetup.inc.inc


