MPLINK 5.09, LINKER
Linker Map File - Created Wed Mar 05 17:20:22 2025

                                 Section Info
                  Section       Type    Address   Location Size(Bytes)
                ---------  ---------  ---------  ---------  ---------
                   .org_0       code   0x000000    program   0x000002
                   .cinit    romdata   0x000001    program   0x000004
                   .org_1       code   0x000004    program   0x000144
                 I2C_CODE       code   0x0000a6    program   0x0001de
               START_CODE       code   0x000195    program   0x0000a6
              PUSHIN_CODE       code   0x0001e8    program   0x000008
              POPOUT_CODE       code   0x0001ec    program   0x000008
.config_8007_BUILD/DEFAULT/PRODUCTION/I2C SER       code   0x008007    program   0x000002
.config_8008_BUILD/DEFAULT/PRODUCTION/I2C SER       code   0x008008    program   0x000002



                              Program Memory Usage 
                               Start         End      
                           ---------   ---------      
                            0x000000    0x000002      
                            0x000004    0x0001ef      
                            0x008007    0x008008      
            497 out of 16647 program addresses used, program memory utilization is 2%



                              Symbols - Sorted by Name
                     Name    Address   Location    Storage File                     
                ---------  ---------  ---------  --------- ---------                
               ADDRESS_RX   0x000157    program     static C:\Users\jackel\MPLABXProjects\I2C Servo Driver.X\Unv_Drive_I2C_Set-Up.inc
         ADDRESS_SENT_R_1   0x000105    program     static C:\Users\jackel\MPLABXProjects\I2C Servo Driver.X\Unv_Drive_I2C_Set-Up.inc
         ADDRESS_SENT_R_2   0x000124    program     static C:\Users\jackel\MPLABXProjects\I2C Servo Driver.X\Unv_Drive_I2C_Set-Up.inc
           ADDRESS_SENT_W   0x0000d7    program     static C:\Users\jackel\MPLABXProjects\I2C Servo Driver.X\Unv_Drive_I2C_Set-Up.inc
                 BAD_COND   0x000142    program     static C:\Users\jackel\MPLABXProjects\I2C Servo Driver.X\Unv_Drive_I2C_Set-Up.inc
            BAD_STOP_DONE   0x000144    program     static C:\Users\jackel\MPLABXProjects\I2C Servo Driver.X\Unv_Drive_I2C_Set-Up.inc
                CHECK_R_W   0x00014e    program     static C:\Users\jackel\MPLABXProjects\I2C Servo Driver.X\Unv_Drive_I2C_Set-Up.inc
                  CONVERT   0x000091    program     static C:\Users\jackel\MPLABXProjects\I2C Servo Driver.X\I2C Servo.asm
            DATA_1_SENT_R   0x000112    program     static C:\Users\jackel\MPLABXProjects\I2C Servo Driver.X\Unv_Drive_I2C_Set-Up.inc
            DATA_1_SENT_W   0x0000e2    program     static C:\Users\jackel\MPLABXProjects\I2C Servo Driver.X\Unv_Drive_I2C_Set-Up.inc
              DATA_2_SENT   0x0000f0    program     static C:\Users\jackel\MPLABXProjects\I2C Servo Driver.X\Unv_Drive_I2C_Set-Up.inc
               DISABLEADC   0x000032    program     static C:\Users\jackel\MPLABXProjects\I2C Servo Driver.X\I2C Servo.asm
          FIRST_DATA_BYTE   0x000175    program     static C:\Users\jackel\MPLABXProjects\I2C Servo Driver.X\Unv_Drive_I2C_Set-Up.inc
         FOURTH_DATA_BYTE   0x000184    program     static C:\Users\jackel\MPLABXProjects\I2C Servo Driver.X\Unv_Drive_I2C_Set-Up.inc
                GOOD_STOP   0x0000f6    program     static C:\Users\jackel\MPLABXProjects\I2C Servo Driver.X\Unv_Drive_I2C_Set-Up.inc
           GOOD_STOP_DONE   0x0000f8    program     static C:\Users\jackel\MPLABXProjects\I2C Servo Driver.X\Unv_Drive_I2C_Set-Up.inc
              I2C_DATA_RX   0x00015c    program     static C:\Users\jackel\MPLABXProjects\I2C Servo Driver.X\Unv_Drive_I2C_Set-Up.inc
                 I2C_IDLE   0x000148    program     static C:\Users\jackel\MPLABXProjects\I2C Servo Driver.X\Unv_Drive_I2C_Set-Up.inc
                 I2C_READ   0x0000fc    program     static C:\Users\jackel\MPLABXProjects\I2C Servo Driver.X\Unv_Drive_I2C_Set-Up.inc
              I2C_RECEIVE   0x000152    program     static C:\Users\jackel\MPLABXProjects\I2C Servo Driver.X\Unv_Drive_I2C_Set-Up.inc
     I2C_RECEIVE_DATA_END   0x00018e    program     static C:\Users\jackel\MPLABXProjects\I2C Servo Driver.X\Unv_Drive_I2C_Set-Up.inc
          I2C_RECEIVE_END   0x000190    program     static C:\Users\jackel\MPLABXProjects\I2C Servo Driver.X\Unv_Drive_I2C_Set-Up.inc
     I2C_SETUP_PERIPHERAL   0x0000b9    program     static C:\Users\jackel\MPLABXProjects\I2C Servo Driver.X\Unv_Drive_I2C_Set-Up.inc
         I2C_SETUP_SERVER   0x0000a6    program     static C:\Users\jackel\MPLABXProjects\I2C Servo Driver.X\Unv_Drive_I2C_Set-Up.inc
                I2C_WRITE   0x0000ce    program     static C:\Users\jackel\MPLABXProjects\I2C Servo Driver.X\Unv_Drive_I2C_Set-Up.inc
                    INTER   0x000061    program     static C:\Users\jackel\MPLABXProjects\I2C Servo Driver.X\I2C Servo.asm
                     MAIN   0x000021    program     static C:\Users\jackel\MPLABXProjects\I2C Servo Driver.X\I2C Servo.asm
                    MINPW   0x000053    program     static C:\Users\jackel\MPLABXProjects\I2C Servo Driver.X\I2C Servo.asm
                     MXPW   0x00005e    program     static C:\Users\jackel\MPLABXProjects\I2C Servo Driver.X\I2C Servo.asm
                NACK_DONE   0x000135    program     static C:\Users\jackel\MPLABXProjects\I2C Servo Driver.X\Unv_Drive_I2C_Set-Up.inc
                   POPOUT   0x0001ec    program     static C:\Users\jackel\MPLABXProjects\I2C Servo Driver.X\I2cPOPOUT.inc
                       PS   0x000085    program     static C:\Users\jackel\MPLABXProjects\I2C Servo Driver.X\I2C Servo.asm
                   PUSHIN   0x0001e8    program     static C:\Users\jackel\MPLABXProjects\I2C Servo Driver.X\I2cPUSHin.inc
                    PWSET   0x00003c    program     static C:\Users\jackel\MPLABXProjects\I2C Servo Driver.X\I2C Servo.asm
         READ_STOP_DONE_2   0x00013b    program     static C:\Users\jackel\MPLABXProjects\I2C Servo Driver.X\Unv_Drive_I2C_Set-Up.inc
                  RESTART   0x00009b    program     static C:\Users\jackel\MPLABXProjects\I2C Servo Driver.X\I2C Servo.asm
         SECOND_DATA_BYTE   0x00017a    program     static C:\Users\jackel\MPLABXProjects\I2C Servo Driver.X\Unv_Drive_I2C_Set-Up.inc
                   SETOUT   0x000047    program     static C:\Users\jackel\MPLABXProjects\I2C Servo Driver.X\I2C Servo.asm
                    SETUP   0x000005    program     static C:\Users\jackel\MPLABXProjects\I2C Servo Driver.X\I2C Servo.asm
                     SKIP   0x00006a    program     static C:\Users\jackel\MPLABXProjects\I2C Servo Driver.X\I2C Servo.asm
                    START   0x000195    program     static C:\Users\jackel\MPLABXProjects\I2C Servo Driver.X\I2c1788Setup.inc
        START_READ_DONE_1   0x0000ff    program     static C:\Users\jackel\MPLABXProjects\I2C Servo Driver.X\Unv_Drive_I2C_Set-Up.inc
        START_READ_DONE_2   0x00011c    program     static C:\Users\jackel\MPLABXProjects\I2C Servo Driver.X\Unv_Drive_I2C_Set-Up.inc
         START_WRITE_DONE   0x0000d1    program     static C:\Users\jackel\MPLABXProjects\I2C Servo Driver.X\Unv_Drive_I2C_Set-Up.inc
          THIRD_DATA_BYTE   0x00017f    program     static C:\Users\jackel\MPLABXProjects\I2C Servo Driver.X\Unv_Drive_I2C_Set-Up.inc
                 TMRSTART   0x00007b    program     static C:\Users\jackel\MPLABXProjects\I2C Servo Driver.X\I2C Servo.asm
                TOGGLEADC   0x000023    program     static C:\Users\jackel\MPLABXProjects\I2C Servo Driver.X\I2C Servo.asm
                 TURNLEFT   0x000049    program     static C:\Users\jackel\MPLABXProjects\I2C Servo Driver.X\I2C Servo.asm
                TURNRIGHT   0x000056    program     static C:\Users\jackel\MPLABXProjects\I2C Servo Driver.X\I2C Servo.asm
             _.org_1_000A   0x00000a    program     static C:\Users\jackel\MPLABXProjects\I2C Servo Driver.X\I2C Servo.asm



                              Symbols - Sorted by Address
                     Name    Address   Location    Storage File                     
                ---------  ---------  ---------  --------- ---------                
                    SETUP   0x000005    program     static C:\Users\jackel\MPLABXProjects\I2C Servo Driver.X\I2C Servo.asm
             _.org_1_000A   0x00000a    program     static C:\Users\jackel\MPLABXProjects\I2C Servo Driver.X\I2C Servo.asm
                     MAIN   0x000021    program     static C:\Users\jackel\MPLABXProjects\I2C Servo Driver.X\I2C Servo.asm
                TOGGLEADC   0x000023    program     static C:\Users\jackel\MPLABXProjects\I2C Servo Driver.X\I2C Servo.asm
               DISABLEADC   0x000032    program     static C:\Users\jackel\MPLABXProjects\I2C Servo Driver.X\I2C Servo.asm
                    PWSET   0x00003c    program     static C:\Users\jackel\MPLABXProjects\I2C Servo Driver.X\I2C Servo.asm
                   SETOUT   0x000047    program     static C:\Users\jackel\MPLABXProjects\I2C Servo Driver.X\I2C Servo.asm
                 TURNLEFT   0x000049    program     static C:\Users\jackel\MPLABXProjects\I2C Servo Driver.X\I2C Servo.asm
                    MINPW   0x000053    program     static C:\Users\jackel\MPLABXProjects\I2C Servo Driver.X\I2C Servo.asm
                TURNRIGHT   0x000056    program     static C:\Users\jackel\MPLABXProjects\I2C Servo Driver.X\I2C Servo.asm
                     MXPW   0x00005e    program     static C:\Users\jackel\MPLABXProjects\I2C Servo Driver.X\I2C Servo.asm
                    INTER   0x000061    program     static C:\Users\jackel\MPLABXProjects\I2C Servo Driver.X\I2C Servo.asm
                     SKIP   0x00006a    program     static C:\Users\jackel\MPLABXProjects\I2C Servo Driver.X\I2C Servo.asm
                 TMRSTART   0x00007b    program     static C:\Users\jackel\MPLABXProjects\I2C Servo Driver.X\I2C Servo.asm
                       PS   0x000085    program     static C:\Users\jackel\MPLABXProjects\I2C Servo Driver.X\I2C Servo.asm
                  CONVERT   0x000091    program     static C:\Users\jackel\MPLABXProjects\I2C Servo Driver.X\I2C Servo.asm
                  RESTART   0x00009b    program     static C:\Users\jackel\MPLABXProjects\I2C Servo Driver.X\I2C Servo.asm
         I2C_SETUP_SERVER   0x0000a6    program     static C:\Users\jackel\MPLABXProjects\I2C Servo Driver.X\Unv_Drive_I2C_Set-Up.inc
     I2C_SETUP_PERIPHERAL   0x0000b9    program     static C:\Users\jackel\MPLABXProjects\I2C Servo Driver.X\Unv_Drive_I2C_Set-Up.inc
                I2C_WRITE   0x0000ce    program     static C:\Users\jackel\MPLABXProjects\I2C Servo Driver.X\Unv_Drive_I2C_Set-Up.inc
         START_WRITE_DONE   0x0000d1    program     static C:\Users\jackel\MPLABXProjects\I2C Servo Driver.X\Unv_Drive_I2C_Set-Up.inc
           ADDRESS_SENT_W   0x0000d7    program     static C:\Users\jackel\MPLABXProjects\I2C Servo Driver.X\Unv_Drive_I2C_Set-Up.inc
            DATA_1_SENT_W   0x0000e2    program     static C:\Users\jackel\MPLABXProjects\I2C Servo Driver.X\Unv_Drive_I2C_Set-Up.inc
              DATA_2_SENT   0x0000f0    program     static C:\Users\jackel\MPLABXProjects\I2C Servo Driver.X\Unv_Drive_I2C_Set-Up.inc
                GOOD_STOP   0x0000f6    program     static C:\Users\jackel\MPLABXProjects\I2C Servo Driver.X\Unv_Drive_I2C_Set-Up.inc
           GOOD_STOP_DONE   0x0000f8    program     static C:\Users\jackel\MPLABXProjects\I2C Servo Driver.X\Unv_Drive_I2C_Set-Up.inc
                 I2C_READ   0x0000fc    program     static C:\Users\jackel\MPLABXProjects\I2C Servo Driver.X\Unv_Drive_I2C_Set-Up.inc
        START_READ_DONE_1   0x0000ff    program     static C:\Users\jackel\MPLABXProjects\I2C Servo Driver.X\Unv_Drive_I2C_Set-Up.inc
         ADDRESS_SENT_R_1   0x000105    program     static C:\Users\jackel\MPLABXProjects\I2C Servo Driver.X\Unv_Drive_I2C_Set-Up.inc
            DATA_1_SENT_R   0x000112    program     static C:\Users\jackel\MPLABXProjects\I2C Servo Driver.X\Unv_Drive_I2C_Set-Up.inc
        START_READ_DONE_2   0x00011c    program     static C:\Users\jackel\MPLABXProjects\I2C Servo Driver.X\Unv_Drive_I2C_Set-Up.inc
         ADDRESS_SENT_R_2   0x000124    program     static C:\Users\jackel\MPLABXProjects\I2C Servo Driver.X\Unv_Drive_I2C_Set-Up.inc
                NACK_DONE   0x000135    program     static C:\Users\jackel\MPLABXProjects\I2C Servo Driver.X\Unv_Drive_I2C_Set-Up.inc
         READ_STOP_DONE_2   0x00013b    program     static C:\Users\jackel\MPLABXProjects\I2C Servo Driver.X\Unv_Drive_I2C_Set-Up.inc
                 BAD_COND   0x000142    program     static C:\Users\jackel\MPLABXProjects\I2C Servo Driver.X\Unv_Drive_I2C_Set-Up.inc
            BAD_STOP_DONE   0x000144    program     static C:\Users\jackel\MPLABXProjects\I2C Servo Driver.X\Unv_Drive_I2C_Set-Up.inc
                 I2C_IDLE   0x000148    program     static C:\Users\jackel\MPLABXProjects\I2C Servo Driver.X\Unv_Drive_I2C_Set-Up.inc
                CHECK_R_W   0x00014e    program     static C:\Users\jackel\MPLABXProjects\I2C Servo Driver.X\Unv_Drive_I2C_Set-Up.inc
              I2C_RECEIVE   0x000152    program     static C:\Users\jackel\MPLABXProjects\I2C Servo Driver.X\Unv_Drive_I2C_Set-Up.inc
               ADDRESS_RX   0x000157    program     static C:\Users\jackel\MPLABXProjects\I2C Servo Driver.X\Unv_Drive_I2C_Set-Up.inc
              I2C_DATA_RX   0x00015c    program     static C:\Users\jackel\MPLABXProjects\I2C Servo Driver.X\Unv_Drive_I2C_Set-Up.inc
          FIRST_DATA_BYTE   0x000175    program     static C:\Users\jackel\MPLABXProjects\I2C Servo Driver.X\Unv_Drive_I2C_Set-Up.inc
         SECOND_DATA_BYTE   0x00017a    program     static C:\Users\jackel\MPLABXProjects\I2C Servo Driver.X\Unv_Drive_I2C_Set-Up.inc
          THIRD_DATA_BYTE   0x00017f    program     static C:\Users\jackel\MPLABXProjects\I2C Servo Driver.X\Unv_Drive_I2C_Set-Up.inc
         FOURTH_DATA_BYTE   0x000184    program     static C:\Users\jackel\MPLABXProjects\I2C Servo Driver.X\Unv_Drive_I2C_Set-Up.inc
     I2C_RECEIVE_DATA_END   0x00018e    program     static C:\Users\jackel\MPLABXProjects\I2C Servo Driver.X\Unv_Drive_I2C_Set-Up.inc
          I2C_RECEIVE_END   0x000190    program     static C:\Users\jackel\MPLABXProjects\I2C Servo Driver.X\Unv_Drive_I2C_Set-Up.inc
                    START   0x000195    program     static C:\Users\jackel\MPLABXProjects\I2C Servo Driver.X\I2c1788Setup.inc
                   PUSHIN   0x0001e8    program     static C:\Users\jackel\MPLABXProjects\I2C Servo Driver.X\I2cPUSHin.inc
                   POPOUT   0x0001ec    program     static C:\Users\jackel\MPLABXProjects\I2C Servo Driver.X\I2cPOPOUT.inc


