MPLINK 5.09, LINKER
Linker Map File - Created Thu Oct 31 23:49:28 2024

                                 Section Info
                  Section       Type    Address   Location Size(Bytes)
                ---------  ---------  ---------  ---------  ---------
                   .org_0       code   0x000000    program   0x000002
                   .cinit    romdata   0x000001    program   0x000004
                   .org_1       code   0x000004    program   0x0000e0
               START_CODE       code   0x000074    program   0x00008e
            I2CWRITE_CODE       code   0x0000bb    program   0x000080
                AN12_CODE       code   0x0000fb    program   0x000022
                 AN4_CODE       code   0x00010c    program   0x00001e
                 AN1_CODE       code   0x00011b    program   0x00001e
              PUSHIN_CODE       code   0x00012a    program   0x000008
              POPOUT_CODE       code   0x00012e    program   0x000008
.config_2007_BUILD/DEFAULT/PRODUCTION/I2CMAST       code   0x002007    program   0x000002
.config_2008_BUILD/DEFAULT/PRODUCTION/I2CMAST       code   0x002008    program   0x000002



                              Program Memory Usage 
                               Start         End      
                           ---------   ---------      
                            0x000000    0x000002      
                            0x000004    0x000131      
                            0x002007    0x002008      
            307 out of 4359 program addresses used, program memory utilization is 7%



                              Symbols - Sorted by Name
                     Name    Address   Location    Storage File                     
                ---------  ---------  ---------  --------- ---------                
                      AN0   0x0000fb    program     static C:\Users\jackel\MPLABXProjects\I2CMaster.X\AN0ADC.inc
                      AN1   0x00011b    program     static C:\Users\jackel\MPLABXProjects\I2CMaster.X\AN1ADC.inc
                      AN4   0x00010c    program     static C:\Users\jackel\MPLABXProjects\I2CMaster.X\AN4ADC.inc
                   CHECKW   0x0000f6    program     static C:\Users\jackel\MPLABXProjects\I2CMaster.X\I2CWRITE.inc
                  I2CIDLE   0x0000ee    program     static C:\Users\jackel\MPLABXProjects\I2CMaster.X\I2CWRITE.inc
                 I2CWRITE   0x0000bb    program     static C:\Users\jackel\MPLABXProjects\I2CMaster.X\I2CWRITE.inc
                     MAIN   0x000018    program     static C:\Users\jackel\MPLABXProjects\I2CMaster.X\I2CMaster.asm
                     NACK   0x0000e5    program     static C:\Users\jackel\MPLABXProjects\I2CMaster.X\I2CWRITE.inc
                   POPOUT   0x00012e    program     static C:\Users\jackel\MPLABXProjects\I2CMaster.X\MasterPOPout.inc
                   PUSHIN   0x00012a    program     static C:\Users\jackel\MPLABXProjects\I2CMaster.X\MasterPUSHin.inc
                  SENDAN0   0x000044    program     static C:\Users\jackel\MPLABXProjects\I2CMaster.X\I2CMaster.asm
                  SENDAN1   0x000054    program     static C:\Users\jackel\MPLABXProjects\I2CMaster.X\I2CMaster.asm
                  SENDAN4   0x000064    program     static C:\Users\jackel\MPLABXProjects\I2CMaster.X\I2CMaster.asm
                    SETUP   0x000004    program     static C:\Users\jackel\MPLABXProjects\I2CMaster.X\I2CMaster.asm
                    START   0x000074    program     static C:\Users\jackel\MPLABXProjects\I2CMaster.X\MasterSetup.inc
             _.org_1_001A   0x00001a    program     static C:\Users\jackel\MPLABXProjects\I2CMaster.X\I2CMaster.asm
             _.org_1_0029   0x000029    program     static C:\Users\jackel\MPLABXProjects\I2CMaster.X\I2CMaster.asm
             _.org_1_0037   0x000037    program     static C:\Users\jackel\MPLABXProjects\I2CMaster.X\I2CMaster.asm
      _I2CWRITE_CODE_0005   0x0000c0    program     static C:\Users\jackel\MPLABXProjects\I2CMaster.X\I2CWRITE.inc
      _I2CWRITE_CODE_0010   0x0000cb    program     static C:\Users\jackel\MPLABXProjects\I2CMaster.X\I2CWRITE.inc
      _I2CWRITE_CODE_001F   0x0000da    program     static C:\Users\jackel\MPLABXProjects\I2CMaster.X\I2CWRITE.inc
      _I2CWRITE_CODE_0028   0x0000e3    program     static C:\Users\jackel\MPLABXProjects\I2CMaster.X\I2CWRITE.inc
      _I2CWRITE_CODE_0031   0x0000ec    program     static C:\Users\jackel\MPLABXProjects\I2CMaster.X\I2CWRITE.inc



                              Symbols - Sorted by Address
                     Name    Address   Location    Storage File                     
                ---------  ---------  ---------  --------- ---------                
                    SETUP   0x000004    program     static C:\Users\jackel\MPLABXProjects\I2CMaster.X\I2CMaster.asm
                     MAIN   0x000018    program     static C:\Users\jackel\MPLABXProjects\I2CMaster.X\I2CMaster.asm
             _.org_1_001A   0x00001a    program     static C:\Users\jackel\MPLABXProjects\I2CMaster.X\I2CMaster.asm
             _.org_1_0029   0x000029    program     static C:\Users\jackel\MPLABXProjects\I2CMaster.X\I2CMaster.asm
             _.org_1_0037   0x000037    program     static C:\Users\jackel\MPLABXProjects\I2CMaster.X\I2CMaster.asm
                  SENDAN0   0x000044    program     static C:\Users\jackel\MPLABXProjects\I2CMaster.X\I2CMaster.asm
                  SENDAN1   0x000054    program     static C:\Users\jackel\MPLABXProjects\I2CMaster.X\I2CMaster.asm
                  SENDAN4   0x000064    program     static C:\Users\jackel\MPLABXProjects\I2CMaster.X\I2CMaster.asm
                    START   0x000074    program     static C:\Users\jackel\MPLABXProjects\I2CMaster.X\MasterSetup.inc
                 I2CWRITE   0x0000bb    program     static C:\Users\jackel\MPLABXProjects\I2CMaster.X\I2CWRITE.inc
      _I2CWRITE_CODE_0005   0x0000c0    program     static C:\Users\jackel\MPLABXProjects\I2CMaster.X\I2CWRITE.inc
      _I2CWRITE_CODE_0010   0x0000cb    program     static C:\Users\jackel\MPLABXProjects\I2CMaster.X\I2CWRITE.inc
      _I2CWRITE_CODE_001F   0x0000da    program     static C:\Users\jackel\MPLABXProjects\I2CMaster.X\I2CWRITE.inc
      _I2CWRITE_CODE_0028   0x0000e3    program     static C:\Users\jackel\MPLABXProjects\I2CMaster.X\I2CWRITE.inc
                     NACK   0x0000e5    program     static C:\Users\jackel\MPLABXProjects\I2CMaster.X\I2CWRITE.inc
      _I2CWRITE_CODE_0031   0x0000ec    program     static C:\Users\jackel\MPLABXProjects\I2CMaster.X\I2CWRITE.inc
                  I2CIDLE   0x0000ee    program     static C:\Users\jackel\MPLABXProjects\I2CMaster.X\I2CWRITE.inc
                   CHECKW   0x0000f6    program     static C:\Users\jackel\MPLABXProjects\I2CMaster.X\I2CWRITE.inc
                      AN0   0x0000fb    program     static C:\Users\jackel\MPLABXProjects\I2CMaster.X\AN0ADC.inc
                      AN4   0x00010c    program     static C:\Users\jackel\MPLABXProjects\I2CMaster.X\AN4ADC.inc
                      AN1   0x00011b    program     static C:\Users\jackel\MPLABXProjects\I2CMaster.X\AN1ADC.inc
                   PUSHIN   0x00012a    program     static C:\Users\jackel\MPLABXProjects\I2CMaster.X\MasterPUSHin.inc
                   POPOUT   0x00012e    program     static C:\Users\jackel\MPLABXProjects\I2CMaster.X\MasterPOPout.inc


