MPLINK 5.09, LINKER
Linker Map File - Created Mon Sep 16 19:19:08 2024

                                 Section Info
                  Section       Type    Address   Location Size(Bytes)
                ---------  ---------  ---------  ---------  ---------
                   .org_0       code   0x000000    program   0x0000d4
                   .cinit    romdata   0x00006a    program   0x000004
.config_2007_BUILD/DEFAULT/PRODUCTION/DELAY W       code   0x002007    program   0x000002
.config_2008_BUILD/DEFAULT/PRODUCTION/DELAY W       code   0x002008    program   0x000002



                              Program Memory Usage 
                               Start         End      
                           ---------   ---------      
                            0x000000    0x00006b      
                            0x002007    0x002008      
            110 out of 4359 program addresses used, program memory utilization is 2%



                              Symbols - Sorted by Name
                     Name    Address   Location    Storage File                     
                ---------  ---------  ---------  --------- ---------                
                    LOOP1   0x000057    program     static C:\Users\jackel\MPLABXProjects\DELAY WITH SUB.X\Delay WITH SUB.asm
                    LOOP2   0x000056    program     static C:\Users\jackel\MPLABXProjects\DELAY WITH SUB.X\Delay WITH SUB.asm
                    LOOP3   0x000063    program     static C:\Users\jackel\MPLABXProjects\DELAY WITH SUB.X\Delay WITH SUB.asm
                     MAIN   0x000047    program     static C:\Users\jackel\MPLABXProjects\DELAY WITH SUB.X\Delay WITH SUB.asm
                   NESTED   0x000054    program     static C:\Users\jackel\MPLABXProjects\DELAY WITH SUB.X\Delay WITH SUB.asm
                    SETUP   0x000001    program     static C:\Users\jackel\MPLABXProjects\DELAY WITH SUB.X\Delay WITH SUB.asm
                   SIMPLE   0x000061    program     static C:\Users\jackel\MPLABXProjects\DELAY WITH SUB.X\Delay WITH SUB.asm



                              Symbols - Sorted by Address
                     Name    Address   Location    Storage File                     
                ---------  ---------  ---------  --------- ---------                
                    SETUP   0x000001    program     static C:\Users\jackel\MPLABXProjects\DELAY WITH SUB.X\Delay WITH SUB.asm
                     MAIN   0x000047    program     static C:\Users\jackel\MPLABXProjects\DELAY WITH SUB.X\Delay WITH SUB.asm
                   NESTED   0x000054    program     static C:\Users\jackel\MPLABXProjects\DELAY WITH SUB.X\Delay WITH SUB.asm
                    LOOP2   0x000056    program     static C:\Users\jackel\MPLABXProjects\DELAY WITH SUB.X\Delay WITH SUB.asm
                    LOOP1   0x000057    program     static C:\Users\jackel\MPLABXProjects\DELAY WITH SUB.X\Delay WITH SUB.asm
                   SIMPLE   0x000061    program     static C:\Users\jackel\MPLABXProjects\DELAY WITH SUB.X\Delay WITH SUB.asm
                    LOOP3   0x000063    program     static C:\Users\jackel\MPLABXProjects\DELAY WITH SUB.X\Delay WITH SUB.asm


