MPLINK 5.09, LINKER
Linker Map File - Created Wed Oct 02 12:37:36 2024

                                 Section Info
                  Section       Type    Address   Location Size(Bytes)
                ---------  ---------  ---------  ---------  ---------
                   .org_0       code   0x000000    program   0x000002
                   .cinit    romdata   0x000001    program   0x000004
                   .org_1       code   0x000004    program   0x000114
               START_CODE       code   0x00008e    program   0x00009a
              PUSHIN_CODE       code   0x0000db    program   0x000008
              POPOUT_CODE       code   0x0000df    program   0x000008
.config_2007_BUILD/DEFAULT/PRODUCTION/PORTB I       code   0x002007    program   0x000002
.config_2008_BUILD/DEFAULT/PRODUCTION/PORTB I       code   0x002008    program   0x000002



                              Program Memory Usage 
                               Start         End      
                           ---------   ---------      
                            0x000000    0x000002      
                            0x000004    0x0000e2      
                            0x002007    0x002008      
            228 out of 4359 program addresses used, program memory utilization is 5%



                              Symbols - Sorted by Name
                     Name    Address   Location    Storage File                     
                ---------  ---------  ---------  --------- ---------                
                 CHECKOUT   0x000014    program     static C:\Users\jackel\MPLABXProjects\PortBInt.X\PortB Interrupt.asm
                    DELAY   0x00004f    program     static C:\Users\jackel\MPLABXProjects\PortBInt.X\PortB Interrupt.asm
                    INTER   0x00000d    program     static C:\Users\jackel\MPLABXProjects\PortBInt.X\PortB Interrupt.asm
                     LOOP   0x000055    program     static C:\Users\jackel\MPLABXProjects\PortBInt.X\PortB Interrupt.asm
                    LOOP2   0x000054    program     static C:\Users\jackel\MPLABXProjects\PortBInt.X\PortB Interrupt.asm
                    LOOP3   0x00007c    program     static C:\Users\jackel\MPLABXProjects\PortBInt.X\PortB Interrupt.asm
                   POPOUT   0x0000df    program     static C:\Users\jackel\MPLABXProjects\PortBInt.X\POPout.inc
                   PUSHIN   0x0000db    program     static C:\Users\jackel\MPLABXProjects\PortBInt.X\PUSHin.inc
                RECALLSIX   0x00002e    program     static C:\Users\jackel\MPLABXProjects\PortBInt.X\PortB Interrupt.asm
                      RUN   0x000007    program     static C:\Users\jackel\MPLABXProjects\PortBInt.X\PortB Interrupt.asm
                  SAVESIX   0x000025    program     static C:\Users\jackel\MPLABXProjects\PortBInt.X\PortB Interrupt.asm
                    SETUP   0x000005    program     static C:\Users\jackel\MPLABXProjects\PortBInt.X\PortB Interrupt.asm
                    SEVEN   0x000021    program     static C:\Users\jackel\MPLABXProjects\PortBInt.X\PortB Interrupt.asm
                      SIX   0x000042    program     static C:\Users\jackel\MPLABXProjects\PortBInt.X\PortB Interrupt.asm
                     SKIP   0x00003c    program     static C:\Users\jackel\MPLABXProjects\PortBInt.X\PortB Interrupt.asm
                    START   0x00008e    program     static C:\Users\jackel\MPLABXProjects\PortBInt.X\BSetup.inc.inc



                              Symbols - Sorted by Address
                     Name    Address   Location    Storage File                     
                ---------  ---------  ---------  --------- ---------                
                    SETUP   0x000005    program     static C:\Users\jackel\MPLABXProjects\PortBInt.X\PortB Interrupt.asm
                      RUN   0x000007    program     static C:\Users\jackel\MPLABXProjects\PortBInt.X\PortB Interrupt.asm
                    INTER   0x00000d    program     static C:\Users\jackel\MPLABXProjects\PortBInt.X\PortB Interrupt.asm
                 CHECKOUT   0x000014    program     static C:\Users\jackel\MPLABXProjects\PortBInt.X\PortB Interrupt.asm
                    SEVEN   0x000021    program     static C:\Users\jackel\MPLABXProjects\PortBInt.X\PortB Interrupt.asm
                  SAVESIX   0x000025    program     static C:\Users\jackel\MPLABXProjects\PortBInt.X\PortB Interrupt.asm
                RECALLSIX   0x00002e    program     static C:\Users\jackel\MPLABXProjects\PortBInt.X\PortB Interrupt.asm
                     SKIP   0x00003c    program     static C:\Users\jackel\MPLABXProjects\PortBInt.X\PortB Interrupt.asm
                      SIX   0x000042    program     static C:\Users\jackel\MPLABXProjects\PortBInt.X\PortB Interrupt.asm
                    DELAY   0x00004f    program     static C:\Users\jackel\MPLABXProjects\PortBInt.X\PortB Interrupt.asm
                    LOOP2   0x000054    program     static C:\Users\jackel\MPLABXProjects\PortBInt.X\PortB Interrupt.asm
                     LOOP   0x000055    program     static C:\Users\jackel\MPLABXProjects\PortBInt.X\PortB Interrupt.asm
                    LOOP3   0x00007c    program     static C:\Users\jackel\MPLABXProjects\PortBInt.X\PortB Interrupt.asm
                    START   0x00008e    program     static C:\Users\jackel\MPLABXProjects\PortBInt.X\BSetup.inc.inc
                   PUSHIN   0x0000db    program     static C:\Users\jackel\MPLABXProjects\PortBInt.X\PUSHin.inc
                   POPOUT   0x0000df    program     static C:\Users\jackel\MPLABXProjects\PortBInt.X\POPout.inc


