MPLINK 5.09, LINKER
Linker Map File - Created Mon Oct 21 11:14:34 2024

                                 Section Info
                  Section       Type    Address   Location Size(Bytes)
                ---------  ---------  ---------  ---------  ---------
                   .org_0       code   0x000000    program   0x000002
                   .cinit    romdata   0x000001    program   0x000004
                   .org_1       code   0x000004    program   0x0001b2
               START_CODE       code   0x0000dd    program   0x000092
                AN12_CODE       code   0x000126    program   0x00001c
                AN10_CODE       code   0x000134    program   0x00001c
              PUSHIN_CODE       code   0x000142    program   0x000008
              POPOUT_CODE       code   0x000146    program   0x000008
.config_2007_BUILD/DEFAULT/PRODUCTION/SERIAL.       code   0x002007    program   0x000002
.config_2008_BUILD/DEFAULT/PRODUCTION/SERIAL.       code   0x002008    program   0x000002



                              Program Memory Usage 
                               Start         End      
                           ---------   ---------      
                            0x000000    0x000002      
                            0x000004    0x000149      
                            0x002007    0x002008      
            331 out of 4359 program addresses used, program memory utilization is 7%



                              Symbols - Sorted by Name
                     Name    Address   Location    Storage File                     
                ---------  ---------  ---------  --------- ---------                
               ADCRESTART   0x00007e    program     static C:\Users\jackel\MPLABXProjects\Serial Communication.X\Serial.asm
                     AN10   0x000134    program     static C:\Users\jackel\MPLABXProjects\Serial Communication.X\AN10ADC.INC
                     AN12   0x000126    program     static C:\Users\jackel\MPLABXProjects\Serial Communication.X\AN12ADC.INC
                AUTORESET   0x00004c    program     static C:\Users\jackel\MPLABXProjects\Serial Communication.X\Serial.asm
                  BYTEONE   0x0000b6    program     static C:\Users\jackel\MPLABXProjects\Serial Communication.X\Serial.asm
                  BYTETWO   0x0000bb    program     static C:\Users\jackel\MPLABXProjects\Serial Communication.X\Serial.asm
                     HOLD   0x0000d2    program     static C:\Users\jackel\MPLABXProjects\Serial Communication.X\Serial.asm
                    INTER   0x000099    program     static C:\Users\jackel\MPLABXProjects\Serial Communication.X\Serial.asm
                     MAIN   0x000035    program     static C:\Users\jackel\MPLABXProjects\Serial Communication.X\Serial.asm
                   POPOUT   0x000146    program     static C:\Users\jackel\MPLABXProjects\Serial Communication.X\SerialPOPout.inc
                       PS   0x00006d    program     static C:\Users\jackel\MPLABXProjects\Serial Communication.X\Serial.asm
                   PUSHIN   0x000142    program     static C:\Users\jackel\MPLABXProjects\Serial Communication.X\SerialPUSHin.inc
                  RECIEVE   0x0000a7    program     static C:\Users\jackel\MPLABXProjects\Serial Communication.X\Serial.asm
                  RESTART   0x000090    program     static C:\Users\jackel\MPLABXProjects\Serial Communication.X\Serial.asm
                    SETUP   0x000005    program     static C:\Users\jackel\MPLABXProjects\Serial Communication.X\Serial.asm
                    START   0x0000dd    program     static C:\Users\jackel\MPLABXProjects\Serial Communication.X\SerialSetup.inc
                     STAY   0x0000cb    program     static C:\Users\jackel\MPLABXProjects\Serial Communication.X\Serial.asm
                 TMRSTART   0x000065    program     static C:\Users\jackel\MPLABXProjects\Serial Communication.X\Serial.asm
               TXADCSTART   0x0000c0    program     static C:\Users\jackel\MPLABXProjects\Serial Communication.X\Serial.asm
                 UPDATEPW   0x000056    program     static C:\Users\jackel\MPLABXProjects\Serial Communication.X\Serial.asm
             _.org_1_008B   0x00008b    program     static C:\Users\jackel\MPLABXProjects\Serial Communication.X\Serial.asm



                              Symbols - Sorted by Address
                     Name    Address   Location    Storage File                     
                ---------  ---------  ---------  --------- ---------                
                    SETUP   0x000005    program     static C:\Users\jackel\MPLABXProjects\Serial Communication.X\Serial.asm
                     MAIN   0x000035    program     static C:\Users\jackel\MPLABXProjects\Serial Communication.X\Serial.asm
                AUTORESET   0x00004c    program     static C:\Users\jackel\MPLABXProjects\Serial Communication.X\Serial.asm
                 UPDATEPW   0x000056    program     static C:\Users\jackel\MPLABXProjects\Serial Communication.X\Serial.asm
                 TMRSTART   0x000065    program     static C:\Users\jackel\MPLABXProjects\Serial Communication.X\Serial.asm
                       PS   0x00006d    program     static C:\Users\jackel\MPLABXProjects\Serial Communication.X\Serial.asm
               ADCRESTART   0x00007e    program     static C:\Users\jackel\MPLABXProjects\Serial Communication.X\Serial.asm
             _.org_1_008B   0x00008b    program     static C:\Users\jackel\MPLABXProjects\Serial Communication.X\Serial.asm
                  RESTART   0x000090    program     static C:\Users\jackel\MPLABXProjects\Serial Communication.X\Serial.asm
                    INTER   0x000099    program     static C:\Users\jackel\MPLABXProjects\Serial Communication.X\Serial.asm
                  RECIEVE   0x0000a7    program     static C:\Users\jackel\MPLABXProjects\Serial Communication.X\Serial.asm
                  BYTEONE   0x0000b6    program     static C:\Users\jackel\MPLABXProjects\Serial Communication.X\Serial.asm
                  BYTETWO   0x0000bb    program     static C:\Users\jackel\MPLABXProjects\Serial Communication.X\Serial.asm
               TXADCSTART   0x0000c0    program     static C:\Users\jackel\MPLABXProjects\Serial Communication.X\Serial.asm
                     STAY   0x0000cb    program     static C:\Users\jackel\MPLABXProjects\Serial Communication.X\Serial.asm
                     HOLD   0x0000d2    program     static C:\Users\jackel\MPLABXProjects\Serial Communication.X\Serial.asm
                    START   0x0000dd    program     static C:\Users\jackel\MPLABXProjects\Serial Communication.X\SerialSetup.inc
                     AN12   0x000126    program     static C:\Users\jackel\MPLABXProjects\Serial Communication.X\AN12ADC.INC
                     AN10   0x000134    program     static C:\Users\jackel\MPLABXProjects\Serial Communication.X\AN10ADC.INC
                   PUSHIN   0x000142    program     static C:\Users\jackel\MPLABXProjects\Serial Communication.X\SerialPUSHin.inc
                   POPOUT   0x000146    program     static C:\Users\jackel\MPLABXProjects\Serial Communication.X\SerialPOPout.inc


