MPLINK 5.09, LINKER
Linker Map File - Created Thu Sep 19 14:34:56 2024

                                 Section Info
                  Section       Type    Address   Location Size(Bytes)
                ---------  ---------  ---------  ---------  ---------
                   .org_0       code   0x000000    program   0x0001e6
                   .cinit    romdata   0x0000f3    program   0x000004
.config_2007_BUILD/DEFAULT/PRODUCTION/FUNKYFU       code   0x002007    program   0x000002
.config_2008_BUILD/DEFAULT/PRODUCTION/FUNKYFU       code   0x002008    program   0x000002



                              Program Memory Usage 
                               Start         End      
                           ---------   ---------      
                            0x000000    0x0000f4      
                            0x002007    0x002008      
            247 out of 4359 program addresses used, program memory utilization is 5%



                              Symbols - Sorted by Name
                     Name    Address   Location    Storage File                     
                ---------  ---------  ---------  --------- ---------                
                    AFOUR   0x0000a6    program     static C:\Users\jackel\MPLABXProjects\FunkyMuzak2.X\FunkyFunky.asm
                   ATHREE   0x00008a    program     static C:\Users\jackel\MPLABXProjects\FunkyMuzak2.X\FunkyFunky.asm
                    BFOUR   0x0000aa    program     static C:\Users\jackel\MPLABXProjects\FunkyMuzak2.X\FunkyFunky.asm
                   BTHREE   0x00008e    program     static C:\Users\jackel\MPLABXProjects\FunkyMuzak2.X\FunkyFunky.asm
                    CFIVE   0x0000ae    program     static C:\Users\jackel\MPLABXProjects\FunkyMuzak2.X\FunkyFunky.asm
                    CFOUR   0x000092    program     static C:\Users\jackel\MPLABXProjects\FunkyMuzak2.X\FunkyFunky.asm
                   CTHREE   0x000076    program     static C:\Users\jackel\MPLABXProjects\FunkyMuzak2.X\FunkyFunky.asm
                    DELAY   0x0000c3    program     static C:\Users\jackel\MPLABXProjects\FunkyMuzak2.X\FunkyFunky.asm
                    DFIVE   0x0000b2    program     static C:\Users\jackel\MPLABXProjects\FunkyMuzak2.X\FunkyFunky.asm
                    DFOUR   0x000096    program     static C:\Users\jackel\MPLABXProjects\FunkyMuzak2.X\FunkyFunky.asm
                   DTHREE   0x00007a    program     static C:\Users\jackel\MPLABXProjects\FunkyMuzak2.X\FunkyFunky.asm
                    EFOUR   0x00009a    program     static C:\Users\jackel\MPLABXProjects\FunkyMuzak2.X\FunkyFunky.asm
                   ETHREE   0x00007e    program     static C:\Users\jackel\MPLABXProjects\FunkyMuzak2.X\FunkyFunky.asm
                    FFOUR   0x00009e    program     static C:\Users\jackel\MPLABXProjects\FunkyMuzak2.X\FunkyFunky.asm
                   FTHREE   0x000082    program     static C:\Users\jackel\MPLABXProjects\FunkyMuzak2.X\FunkyFunky.asm
                    GFOUR   0x0000a2    program     static C:\Users\jackel\MPLABXProjects\FunkyMuzak2.X\FunkyFunky.asm
                   GTHREE   0x000086    program     static C:\Users\jackel\MPLABXProjects\FunkyMuzak2.X\FunkyFunky.asm
                   KEYPAD   0x00004d    program     static C:\Users\jackel\MPLABXProjects\FunkyMuzak2.X\FunkyFunky.asm
                    LOOP1   0x0000c7    program     static C:\Users\jackel\MPLABXProjects\FunkyMuzak2.X\FunkyFunky.asm
                    LOOP2   0x0000c6    program     static C:\Users\jackel\MPLABXProjects\FunkyMuzak2.X\FunkyFunky.asm
                    LOOP3   0x0000ce    program     static C:\Users\jackel\MPLABXProjects\FunkyMuzak2.X\FunkyFunky.asm
                     MAIN   0x00004a    program     static C:\Users\jackel\MPLABXProjects\FunkyMuzak2.X\FunkyFunky.asm
                  ONETONE   0x0000b6    program     static C:\Users\jackel\MPLABXProjects\FunkyMuzak2.X\FunkyFunky.asm
                    SETUP   0x000001    program     static C:\Users\jackel\MPLABXProjects\FunkyMuzak2.X\FunkyFunky.asm
                    TABLE   0x0000d1    program     static C:\Users\jackel\MPLABXProjects\FunkyMuzak2.X\FunkyFunky.asm
                 TABLETWO   0x0000e2    program     static C:\Users\jackel\MPLABXProjects\FunkyMuzak2.X\FunkyFunky.asm



                              Symbols - Sorted by Address
                     Name    Address   Location    Storage File                     
                ---------  ---------  ---------  --------- ---------                
                    SETUP   0x000001    program     static C:\Users\jackel\MPLABXProjects\FunkyMuzak2.X\FunkyFunky.asm
                     MAIN   0x00004a    program     static C:\Users\jackel\MPLABXProjects\FunkyMuzak2.X\FunkyFunky.asm
                   KEYPAD   0x00004d    program     static C:\Users\jackel\MPLABXProjects\FunkyMuzak2.X\FunkyFunky.asm
                   CTHREE   0x000076    program     static C:\Users\jackel\MPLABXProjects\FunkyMuzak2.X\FunkyFunky.asm
                   DTHREE   0x00007a    program     static C:\Users\jackel\MPLABXProjects\FunkyMuzak2.X\FunkyFunky.asm
                   ETHREE   0x00007e    program     static C:\Users\jackel\MPLABXProjects\FunkyMuzak2.X\FunkyFunky.asm
                   FTHREE   0x000082    program     static C:\Users\jackel\MPLABXProjects\FunkyMuzak2.X\FunkyFunky.asm
                   GTHREE   0x000086    program     static C:\Users\jackel\MPLABXProjects\FunkyMuzak2.X\FunkyFunky.asm
                   ATHREE   0x00008a    program     static C:\Users\jackel\MPLABXProjects\FunkyMuzak2.X\FunkyFunky.asm
                   BTHREE   0x00008e    program     static C:\Users\jackel\MPLABXProjects\FunkyMuzak2.X\FunkyFunky.asm
                    CFOUR   0x000092    program     static C:\Users\jackel\MPLABXProjects\FunkyMuzak2.X\FunkyFunky.asm
                    DFOUR   0x000096    program     static C:\Users\jackel\MPLABXProjects\FunkyMuzak2.X\FunkyFunky.asm
                    EFOUR   0x00009a    program     static C:\Users\jackel\MPLABXProjects\FunkyMuzak2.X\FunkyFunky.asm
                    FFOUR   0x00009e    program     static C:\Users\jackel\MPLABXProjects\FunkyMuzak2.X\FunkyFunky.asm
                    GFOUR   0x0000a2    program     static C:\Users\jackel\MPLABXProjects\FunkyMuzak2.X\FunkyFunky.asm
                    AFOUR   0x0000a6    program     static C:\Users\jackel\MPLABXProjects\FunkyMuzak2.X\FunkyFunky.asm
                    BFOUR   0x0000aa    program     static C:\Users\jackel\MPLABXProjects\FunkyMuzak2.X\FunkyFunky.asm
                    CFIVE   0x0000ae    program     static C:\Users\jackel\MPLABXProjects\FunkyMuzak2.X\FunkyFunky.asm
                    DFIVE   0x0000b2    program     static C:\Users\jackel\MPLABXProjects\FunkyMuzak2.X\FunkyFunky.asm
                  ONETONE   0x0000b6    program     static C:\Users\jackel\MPLABXProjects\FunkyMuzak2.X\FunkyFunky.asm
                    DELAY   0x0000c3    program     static C:\Users\jackel\MPLABXProjects\FunkyMuzak2.X\FunkyFunky.asm
                    LOOP2   0x0000c6    program     static C:\Users\jackel\MPLABXProjects\FunkyMuzak2.X\FunkyFunky.asm
                    LOOP1   0x0000c7    program     static C:\Users\jackel\MPLABXProjects\FunkyMuzak2.X\FunkyFunky.asm
                    LOOP3   0x0000ce    program     static C:\Users\jackel\MPLABXProjects\FunkyMuzak2.X\FunkyFunky.asm
                    TABLE   0x0000d1    program     static C:\Users\jackel\MPLABXProjects\FunkyMuzak2.X\FunkyFunky.asm
                 TABLETWO   0x0000e2    program     static C:\Users\jackel\MPLABXProjects\FunkyMuzak2.X\FunkyFunky.asm


